[backblue.gif]
[fade.gif]
[index.html]
[www.emeraldsunrooms.com/favicon.ico]
[www.emeraldsunrooms.com/scripts/jquery.js]
[www.emeraldsunrooms.com/scripts/gen_validatorv31.js]
[www.emeraldsunrooms.com/scripts/cufon-yui.js]
[www.emeraldsunrooms.com/scripts/arial_400-arial_700-arial_italic_400-arial_italic_700.font.js]
[www.emeraldsunrooms.com/scripts/javascripts.js]
[www.google-analytics.com/analytics.js]
[www.emeraldsunrooms.com/images/common/hd-logo.png]
[www.emeraldsunrooms.com/images/common/hd-big.png]
[www.emeraldsunrooms.com/images/common/bn-dt1.png]
[www.emeraldsunrooms.com/images/common/bn-dt2.png]
[www.emeraldsunrooms.com/images/common/bn-dt3.png]
[seal-austin.bbb.org/seals/blue-seal-293-61-emerald-sunrooms-design-inc-41957.png]
[www.emeraldsunrooms.com/images/content/1.png]
[seal-austin.bbb.org/seals/blue-seal-120-61-emerald-sunrooms-design-inc-41957.png]
[www.emeraldsunrooms.com/images/content/3.png]
[www.emeraldsunrooms.com/images/content/4.png]
[www.emeraldsunrooms.com/images/content/5.png]
[www.emeraldsunrooms.com/images/content/6.png]
[www.emeraldsunrooms.com/images/content/7.png]
[www.emeraldsunrooms.com/images/content/bottom/box-sign.png]
[www.emeraldsunrooms.com/images/content/bottom/contact-img1.png]
[www.emeraldsunrooms.com/images/content/bottom/contact-img2.png]
[www.emeraldsunrooms.com/images/content/bottom/contact-img3.png]
[www.emeraldsunrooms.com/images/common/header_loglo.png]
[www.emeraldsunrooms.com/index.html]
[www.emeraldsunrooms.com/styles/gothic.eot]
[www.emeraldsunrooms.com/styles/gothic.woff]
[www.emeraldsunrooms.com/styles/gothic.ttf]
[www.emeraldsunrooms.com/styles/gothicd41d.eot]
[www.emeraldsunrooms.com/styles/gothicb.eot]
[www.emeraldsunrooms.com/styles/gothicb.woff]
[www.emeraldsunrooms.com/styles/gothicbd41d.eot]
[www.emeraldsunrooms.com/styles/gothicb.ttf]
[www.emeraldsunrooms.com/images/common/bodyBG.jpg]
[www.emeraldsunrooms.com/images/common/cn-wrapper.jpg]
[www.emeraldsunrooms.com/images/common/bodyBG-inner.jpg]
[www.emeraldsunrooms.com/images/common/nav-img.png]
[www.emeraldsunrooms.com/images/common/nav-hover.png]
[www.emeraldsunrooms.com/images/common/bn-ddBG.jpg]
[www.emeraldsunrooms.com/images/content/bottom/mn-divider.png]
[www.emeraldsunrooms.com/images/content/bottom/divider-box.png]
[www.emeraldsunrooms.com/styles/styles.css]
[www.emeraldsunrooms.com/images/contact/home_icon.gif]
[www.emeraldsunrooms.com/images/contact/phone_icon.gif]
[www.emeraldsunrooms.com/images/contact/email_icon.gif]
[www.emeraldsunrooms.com/styles/contact.css]
[www.emeraldsunrooms.com/styles/gallery.css]
[www.emeraldsunrooms.com/index-2.html]
[www.emeraldsunrooms.com/scripts/jquery.pajinate.js]
[www.emeraldsunrooms.com/scripts/jquery.mousewheel-3.0.2.pack.js]
[www.emeraldsunrooms.com/scripts/jquery.fancybox-1.3.1.js]
[www.emeraldsunrooms.com/scripts/fancybox.js]
[www.emeraldsunrooms.com/images/gallery/1.jpg]
[www.emeraldsunrooms.com/images/gallery/tm/1.jpg]
[www.emeraldsunrooms.com/images/gallery/2.jpg]
[www.emeraldsunrooms.com/images/gallery/tm/2.jpg]
[www.emeraldsunrooms.com/images/gallery/3.jpg]
[www.emeraldsunrooms.com/images/gallery/tm/3.jpg]
[www.emeraldsunrooms.com/images/gallery/4.jpg]
[www.emeraldsunrooms.com/images/gallery/tm/4.jpg]
[www.emeraldsunrooms.com/images/gallery/5.jpg]
[www.emeraldsunrooms.com/images/gallery/tm/5.jpg]
[www.emeraldsunrooms.com/images/gallery/6.jpg]
[www.emeraldsunrooms.com/images/gallery/tm/6.jpg]
[www.emeraldsunrooms.com/images/gallery/7.jpg]
[www.emeraldsunrooms.com/images/gallery/tm/7.jpg]
[www.emeraldsunrooms.com/images/gallery/8.jpg]
[www.emeraldsunrooms.com/images/gallery/tm/8.jpg]
[www.emeraldsunrooms.com/images/gallery/9.jpg]
[www.emeraldsunrooms.com/images/gallery/tm/9.jpg]
[www.emeraldsunrooms.com/images/gallery/10.jpg]
[www.emeraldsunrooms.com/images/gallery/tm/10.jpg]
[www.emeraldsunrooms.com/images/gallery/11.jpg]
[www.emeraldsunrooms.com/images/gallery/tm/11.jpg]
[www.emeraldsunrooms.com/images/gallery/12.jpg]
[www.emeraldsunrooms.com/images/gallery/tm/12.jpg]
[www.emeraldsunrooms.com/images/gallery/13.jpg]
[www.emeraldsunrooms.com/images/gallery/tm/13.jpg]
[www.emeraldsunrooms.com/images/gallery/14.jpg]
[www.emeraldsunrooms.com/images/gallery/tm/14.jpg]
[www.emeraldsunrooms.com/images/gallery/15.jpg]
[www.emeraldsunrooms.com/images/gallery/tm/15.jpg]
[www.emeraldsunrooms.com/images/gallery/16.jpg]
[www.emeraldsunrooms.com/images/gallery/tm/16.jpg]
[www.emeraldsunrooms.com/images/gallery/17.jpg]
[www.emeraldsunrooms.com/images/gallery/tm/17.jpg]
[www.emeraldsunrooms.com/images/gallery/18.jpg]
[www.emeraldsunrooms.com/images/gallery/tm/18.jpg]
[www.emeraldsunrooms.com/images/gallery/19.jpg]
[www.emeraldsunrooms.com/images/gallery/tm/19.jpg]
[www.emeraldsunrooms.com/images/gallery/20.jpg]
[www.emeraldsunrooms.com/images/gallery/tm/20.jpg]
[www.emeraldsunrooms.com/images/gallery/21.jpg]
[www.emeraldsunrooms.com/images/gallery/tm/21.jpg]
[www.emeraldsunrooms.com/images/gallery/22.jpg]
[www.emeraldsunrooms.com/images/gallery/tm/22.jpg]
[www.emeraldsunrooms.com/images/gallery/23.jpg]
[www.emeraldsunrooms.com/images/gallery/tm/23.jpg]
[www.emeraldsunrooms.com/images/gallery/24.jpg]
[www.emeraldsunrooms.com/images/gallery/tm/24.jpg]
[www.emeraldsunrooms.com/images/gallery/25.jpg]
[www.emeraldsunrooms.com/images/gallery/tm/25.jpg]
[www.emeraldsunrooms.com/images/gallery/26.jpg]
[www.emeraldsunrooms.com/images/gallery/tm/26.jpg]
[www.emeraldsunrooms.com/images/gallery/27.jpg]
[www.emeraldsunrooms.com/images/gallery/tm/27.jpg]
[www.emeraldsunrooms.com/images/gallery/28.jpg]
[www.emeraldsunrooms.com/images/gallery/tm/28.jpg]
[www.emeraldsunrooms.com/images/gallery/29.jpg]
[www.emeraldsunrooms.com/images/gallery/tm/29.jpg]
[www.emeraldsunrooms.com/images/gallery/30.jpg]
[www.emeraldsunrooms.com/images/gallery/tm/30.jpg]
[www.emeraldsunrooms.com/images/gallery/31.jpg]
[www.emeraldsunrooms.com/images/gallery/tm/31.jpg]
[www.emeraldsunrooms.com/images/gallery/32.jpg]
[www.emeraldsunrooms.com/images/gallery/tm/32.jpg]
[www.emeraldsunrooms.com/images/gallery/33.jpg]
[www.emeraldsunrooms.com/images/gallery/tm/33.jpg]
[www.emeraldsunrooms.com/images/gallery/34.jpg]
[www.emeraldsunrooms.com/images/gallery/tm/34.jpg]
[www.emeraldsunrooms.com/images/gallery/35.jpg]
[www.emeraldsunrooms.com/images/gallery/tm/35.jpg]
[www.emeraldsunrooms.com/images/gallery/36.jpg]
[www.emeraldsunrooms.com/images/gallery/tm/36.jpg]
[www.emeraldsunrooms.com/images/gallery/80.jpg]
[www.emeraldsunrooms.com/images/gallery/tm/80.jpg]
[www.emeraldsunrooms.com/images/gallery/81.jpg]
[www.emeraldsunrooms.com/images/gallery/tm/81.jpg]
[www.emeraldsunrooms.com/images/gallery/82.jpg]
[www.emeraldsunrooms.com/images/gallery/tm/82.jpg]
[www.emeraldsunrooms.com/images/gallery/84.jpg]
[www.emeraldsunrooms.com/images/gallery/tm/84.jpg]
[www.emeraldsunrooms.com/images/gallery/86.jpg]
[www.emeraldsunrooms.com/images/gallery/tm/86.jpg]
[www.emeraldsunrooms.com/images/gallery/87.jpg]
[www.emeraldsunrooms.com/images/gallery/tm/87.jpg]
[www.emeraldsunrooms.com/images/gallery/90.jpg]
[www.emeraldsunrooms.com/images/gallery/tm/90.jpg]
[www.emeraldsunrooms.com/images/gallery/91.jpg]
[www.emeraldsunrooms.com/images/gallery/tm/91.jpg]
[www.emeraldsunrooms.com/images/gallery/93.jpg]
[www.emeraldsunrooms.com/images/gallery/tm/93.jpg]
[www.emeraldsunrooms.com/images/gallery/96.jpg]
[www.emeraldsunrooms.com/images/gallery/tm/96.jpg]
[www.emeraldsunrooms.com/images/gallery/37.jpg]
[www.emeraldsunrooms.com/images/gallery/tm/37.jpg]
[www.emeraldsunrooms.com/images/gallery/38.jpg]
[www.emeraldsunrooms.com/images/gallery/tm/38.jpg]
[www.emeraldsunrooms.com/images/gallery/39.jpg]
[www.emeraldsunrooms.com/images/gallery/tm/39.jpg]
[www.emeraldsunrooms.com/images/gallery/40.jpg]
[www.emeraldsunrooms.com/images/gallery/tm/40.jpg]
[www.emeraldsunrooms.com/images/gallery/41.jpg]
[www.emeraldsunrooms.com/images/gallery/tm/41.jpg]
[www.emeraldsunrooms.com/images/gallery/42.jpg]
[www.emeraldsunrooms.com/images/gallery/tm/42.jpg]
[www.emeraldsunrooms.com/images/gallery/43.jpg]
[www.emeraldsunrooms.com/images/gallery/tm/43.jpg]
[www.emeraldsunrooms.com/images/gallery/44.jpg]
[www.emeraldsunrooms.com/images/gallery/tm/44.jpg]
[www.emeraldsunrooms.com/images/gallery/45.jpg]
[www.emeraldsunrooms.com/images/gallery/tm/45.jpg]
[www.emeraldsunrooms.com/images/gallery/46.jpg]
[www.emeraldsunrooms.com/images/gallery/tm/46.jpg]
[www.emeraldsunrooms.com/images/gallery/47.jpg]
[www.emeraldsunrooms.com/images/gallery/tm/47.jpg]
[www.emeraldsunrooms.com/images/gallery/48.jpg]
[www.emeraldsunrooms.com/images/gallery/tm/48.jpg]
[www.emeraldsunrooms.com/images/gallery/49.jpg]
[www.emeraldsunrooms.com/images/gallery/tm/49.jpg]
[www.emeraldsunrooms.com/images/gallery/50.jpg]
[www.emeraldsunrooms.com/images/gallery/tm/50.jpg]
[www.emeraldsunrooms.com/images/gallery/51.jpg]
[www.emeraldsunrooms.com/images/gallery/tm/51.jpg]
[www.emeraldsunrooms.com/images/gallery/52.jpg]
[www.emeraldsunrooms.com/images/gallery/tm/52.jpg]
[www.emeraldsunrooms.com/images/gallery/53.jpg]
[www.emeraldsunrooms.com/images/gallery/tm/53.jpg]
[www.emeraldsunrooms.com/images/gallery/54.jpg]
[www.emeraldsunrooms.com/images/gallery/tm/54.jpg]
[www.emeraldsunrooms.com/images/gallery/55.jpg]
[www.emeraldsunrooms.com/images/gallery/tm/55.jpg]
[www.emeraldsunrooms.com/images/gallery/56.jpg]
[www.emeraldsunrooms.com/images/gallery/tm/56.jpg]
[www.emeraldsunrooms.com/images/gallery/57.jpg]
[www.emeraldsunrooms.com/images/gallery/tm/57.jpg]
[www.emeraldsunrooms.com/images/gallery/75.jpg]
[www.emeraldsunrooms.com/images/gallery/tm/75.jpg]
[www.emeraldsunrooms.com/images/gallery/76.jpg]
[www.emeraldsunrooms.com/images/gallery/tm/76.jpg]
[www.emeraldsunrooms.com/images/gallery/98.jpg]
[www.emeraldsunrooms.com/images/gallery/tm/98.jpg]
[www.emeraldsunrooms.com/images/gallery/59.jpg]
[www.emeraldsunrooms.com/images/gallery/tm/59.jpg]
[www.emeraldsunrooms.com/images/gallery/72.jpg]
[www.emeraldsunrooms.com/images/gallery/tm/72.jpg]
[www.emeraldsunrooms.com/images/gallery/73.jpg]
[www.emeraldsunrooms.com/images/gallery/tm/73.jpg]
[www.emeraldsunrooms.com/images/gallery/89.jpg]
[www.emeraldsunrooms.com/images/gallery/tm/89.jpg]
[www.emeraldsunrooms.com/images/gallery/94.jpg]
[www.emeraldsunrooms.com/images/gallery/tm/94.jpg]
[www.emeraldsunrooms.com/images/gallery/97.jpg]
[www.emeraldsunrooms.com/images/gallery/tm/97.jpg]
[www.emeraldsunrooms.com/images/gallery/60.jpg]
[www.emeraldsunrooms.com/images/gallery/tm/60.jpg]
[www.emeraldsunrooms.com/images/gallery/61.jpg]
[www.emeraldsunrooms.com/images/gallery/tm/61.jpg]
[www.emeraldsunrooms.com/images/gallery/62.jpg]
[www.emeraldsunrooms.com/images/gallery/tm/62.jpg]
[www.emeraldsunrooms.com/images/gallery/66.jpg]
[www.emeraldsunrooms.com/images/gallery/tm/66.jpg]
[www.emeraldsunrooms.com/images/gallery/67.jpg]
[www.emeraldsunrooms.com/images/gallery/tm/67.jpg]
[www.emeraldsunrooms.com/images/gallery/69.jpg]
[www.emeraldsunrooms.com/images/gallery/tm/69.jpg]
[www.emeraldsunrooms.com/images/gallery/70.jpg]
[www.emeraldsunrooms.com/images/gallery/tm/70.jpg]
[www.emeraldsunrooms.com/images/gallery/77.jpg]
[www.emeraldsunrooms.com/images/gallery/tm/77.jpg]
[www.emeraldsunrooms.com/images/gallery/99.jpg]
[www.emeraldsunrooms.com/images/gallery/tm/99.jpg]
[www.emeraldsunrooms.com/images/gallery/58.jpg]
[www.emeraldsunrooms.com/images/gallery/tm/58.jpg]
[www.emeraldsunrooms.com/images/gallery/74.jpg]
[www.emeraldsunrooms.com/images/gallery/tm/74.jpg]
[www.emeraldsunrooms.com/images/gallery/79.jpg]
[www.emeraldsunrooms.com/images/gallery/tm/79.jpg]
[www.emeraldsunrooms.com/images/gallery/85.jpg]
[www.emeraldsunrooms.com/images/gallery/tm/85.jpg]
[www.emeraldsunrooms.com/images/gallery/88.jpg]
[www.emeraldsunrooms.com/images/gallery/tm/88.jpg]
[www.emeraldsunrooms.com/images/gallery/92.jpg]
[www.emeraldsunrooms.com/images/gallery/tm/92.jpg]
[www.emeraldsunrooms.com/images/gallery/95.jpg]
[www.emeraldsunrooms.com/images/gallery/tm/95.jpg]
[www.emeraldsunrooms.com/images/gallery/100.jpg]
[www.emeraldsunrooms.com/images/gallery/tm/100.jpg]
[www.emeraldsunrooms.com/images/gallery/101.jpg]
[www.emeraldsunrooms.com/images/gallery/tm/101.jpg]
[www.emeraldsunrooms.com/gallery.html]
[www.emeraldsunrooms.com/images/content/img454.png]
[www.emeraldsunrooms.com/services.html]
[www.emeraldsunrooms.com/images/content/img1.png]
[www.emeraldsunrooms.com/images/content/img2.jpg]
[www.emeraldsunrooms.com/images/content/pdf1.pdf]
[www.emeraldsunrooms.com/about.html]
[www.emeraldsunrooms.com/contact.html]
[www.emeraldsunrooms.com/styles/gothic.svg]
[www.emeraldsunrooms.com/styles/gothicb.svg]
[www.emeraldsunrooms.com/images/fancybox/fancybox.png]
[www.emeraldsunrooms.com/images/fancybox/fancy_title_over.png]
[www.emeraldsunrooms.com/images/fancybox/fancybox-x.png]
[www.emeraldsunrooms.com/images/fancybox/blank.gif]
[www.emeraldsunrooms.com/images/fancybox/fancybox-y.png]
[www.emeraldsunrooms.com/styles/jquery.fancybox-1.3.1.css]
[www.emeraldsunrooms.com/styles/images/fancybox/fancy_loading.html]
[www.emeraldsunrooms.com/styles/images/fancybox/fancy_close.html]
[www.emeraldsunrooms.com/styles/images/fancybox/fancy_title_over.html]
[www.emeraldsunrooms.com/styles/images/fancybox/fancy_title_left.html]
[www.emeraldsunrooms.com/styles/images/fancybox/fancy_title_main.html]
[www.emeraldsunrooms.com/styles/images/fancybox/fancy_title_right.html]
[www.emeraldsunrooms.com/styles/images/fancybox/fancy_nav_left.html]
[www.emeraldsunrooms.com/styles/images/fancybox/fancy_nav_right.html]
[www.emeraldsunrooms.com/styles/images/fancybox/fancy_shadow_n.html]
[www.emeraldsunrooms.com/styles/images/fancybox/fancy_shadow_ne.html]
[www.emeraldsunrooms.com/styles/images/fancybox/fancy_shadow_e.html]
[www.emeraldsunrooms.com/styles/images/fancybox/fancy_shadow_se.html]
[www.emeraldsunrooms.com/styles/images/fancybox/fancy_shadow_s.html]
[www.emeraldsunrooms.com/styles/images/fancybox/fancy_shadow_sw.html]
[www.emeraldsunrooms.com/styles/images/fancybox/fancy_shadow_w.html]
[www.emeraldsunrooms.com/styles/images/fancybox/fancy_shadow_nw.html]
